[
    {
        "tx_hash": "a111111111111111111111111111111111111111111111111111111111111111",
        "block_time": 1680011111,
        "pool_id_bech32": "pool1111111111111111111111111111111111111111111111111111",
        "pool_id_hex": "f1111111111111111111111111111111111111111111111111111111",
        "active_epoch_no": 123,
        "vrf_key_hash": "b111111111111111111111111111111111111111111111111111111111111111",
        "margin": 0,
        "fixed_cost": "340000000",
        "pledge": "400000000000",
        "reward_addr": "stake111111111111111111111111111111111111111111111111111111",
        "owners": [
            "stake111111111111111111111111111111111111111111111111111111",
            "stake111111111111111111111111111111111111111111111111111112"
        ],
        "relays": [
            {
                "dns": null,
                "srv": null,
                "ipv4": "1.1.1.1",
                "ipv6": null,
                "port": 6000
            },
            {
                "dns": null,
                "srv": null,
                "ipv4": "1.1.1.2",
                "ipv6": null,
                "port": 6000
            },
            {
                "dns": null,
                "srv": null,
                "ipv4": "1.1.1.3",
                "ipv6": null,
                "port": 6000
            }
        ],
        "meta_url": "https://www.one.com/metadata/one.json",
        "meta_hash": "c111111111111111111111111111111111111111111111111111111111111111",
        "meta_json": {
            "name": "One",
            "ticker": "ONE",
            "homepage": "https://www.one.com",
            "description": "Pool One for test"
        },
        "pool_status": "registered",
        "retiring_epoch": null
    },
    {
        "tx_hash": "a111111111111111111111111111111111111111111111111111111111111112",
        "block_time": 1680011112,
        "pool_id_bech32": "pool1111111111111111111111111111111111111111111111111111",
        "pool_id_hex": "f1111111111111111111111111111111111111111111111111111111",
        "active_epoch_no": 123,
        "vrf_key_hash": "b111111111111111111111111111111111111111111111111111111111111111",
        "margin": 1,
        "fixed_cost": "350000000",
        "pledge": "500000000000",
        "reward_addr": "stake111111111111111111111111111111111111111111111111111111",
        "owners": [
            "stake111111111111111111111111111111111111111111111111111111"
        ],
        "relays": [
            {
                "dns": null,
                "srv": null,
                "ipv4": "1.1.1.1",
                "ipv6": null,
                "port": 6000
            },
            {
                "dns": null,
                "srv": null,
                "ipv4": "1.1.1.2",
                "ipv6": null,
                "port": 6000
            },
            {
                "dns": null,
                "srv": null,
                "ipv4": "1.1.1.3",
                "ipv6": null,
                "port": 6000
            }
        ],
        "meta_url": "https://www.one.com/metadata/one.json",
        "meta_hash": "c111111111111111111111111111111111111111111111111111111111111111",
        "meta_json": {
            "name": "One",
            "ticker": "ONE",
            "homepage": "https://www.one.com",
            "description": "Pool One for test"
        },
        "pool_status": "registered",
        "retiring_epoch": null
    },
    {
        "tx_hash": "a111111111111111111111111111111111111111111111111111111111111113",
        "block_time": 1680011113,
        "pool_id_bech32": "pool1111111111111111111111111111111111111111111111111111",
        "pool_id_hex": "f1111111111111111111111111111111111111111111111111111111",
        "active_epoch_no": 123,
        "vrf_key_hash": "b111111111111111111111111111111111111111111111111111111111111111",
        "margin": 1,
        "fixed_cost": "340000000",
        "pledge": "500000000000",
        "reward_addr": "stake111111111111111111111111111111111111111111111111111111",
        "owners": [
            "stake111111111111111111111111111111111111111111111111111111"
        ],
        "relays": [
            {
                "dns": null,
                "srv": null,
                "ipv4": "1.1.1.1",
                "ipv6": null,
                "port": 6000
            },
            {
                "dns": null,
                "srv": null,
                "ipv4": "1.1.1.4",
                "ipv6": null,
                "port": 6000
            }
        ],
        "meta_url": "https://www.one.com/metadata/one.json",
        "meta_hash": "c111111111111111111111111111111111111111111111111111111111111111",
        "meta_json": {
            "name": "One",
            "ticker": "ONE",
            "homepage": "https://www.one.com",
            "description": "Pool One for test"
        },
        "pool_status": "registered",
        "retiring_epoch": null
    },
    {
        "tx_hash": "a111111111111111111111111111111111111111111111111111111111111113",
        "block_time": 1680011113,
        "pool_id_bech32": "pool1111111111111111111111111111111111111111111111111111",
        "pool_id_hex": "f1111111111111111111111111111111111111111111111111111111",
        "active_epoch_no": 123,
        "vrf_key_hash": "b111111111111111111111111111111111111111111111111111111111111111",
        "margin": 1,
        "fixed_cost": "340000000",
        "pledge": "500000000000",
        "reward_addr": "stake111111111111111111111111111111111111111111111111111111",
        "owners": [
            "stake111111111111111111111111111111111111111111111111111111"
        ],
        "relays": [
            {
                "dns": null,
                "srv": null,
                "ipv4": "1.1.1.1",
                "ipv6": null,
                "port": 6000
            },
            {
                "dns": null,
                "srv": null,
                "ipv4": "1.1.1.4",
                "ipv6": null,
                "port": 6000
            }
        ],
        "meta_url": "https://www.ones.com/metadata/ones.json",
        "meta_hash": "c111111111111111111111111111111111111111111111111111111111111112",
        "meta_json": {
            "name": "Ones",
            "ticker": "ONES",
            "homepage": "https://www.ones.com",
            "description": "Pool One for test"
        },
        "pool_status": "registered",
        "retiring_epoch": null
    },
    {
        "tx_hash": "a222222222222222222222222222222222222222222222222222222222222222",
        "block_time": 1680022222,
        "pool_id_bech32": "pool2222222222222222222222222222222222222222222222222222",
        "pool_id_hex": "f2222222222222222222222222222222222222222222222222222222",
        "active_epoch_no": 223,
        "vrf_key_hash": "b222222222222222222222222222222222222222222222222222222222222222",
        "margin": 0.5,
        "fixed_cost": "340000000",
        "pledge": "100000000000",
        "reward_addr": "stake222222222222222222222222222222222222222222222222222222",
        "owners": [
            "stake222222222222222222222222222222222222222222222222222222"
        ],
        "relays": [
            {
                "dns": null,
                "srv": null,
                "ipv4": "2.2.2.1",
                "ipv6": null,
                "port": 6000
            },
            {
                "dns": null,
                "srv": null,
                "ipv4": "2.2.2.2",
                "ipv6": null,
                "port": 6000
            },
            {
                "dns": null,
                "srv": null,
                "ipv4": "2.2.2.3",
                "ipv6": null,
                "port": 6000
            }
        ],
        "meta_url": "https://www.two.com/metadata/two.json",
        "meta_hash": "c222222222222222222222222222222222222222222222222222222222222222",
        "meta_json": {
            "name": "Two",
            "ticker": "TWO",
            "homepage": "https://www.two.com",
            "description": "Pool Two for test"
        },
        "pool_status": "registered",
        "retiring_epoch": null
    },
    {
        "tx_hash": "a333333333333333333333333333333333333333333333333333333333333333",
        "block_time": 1680033333,
        "pool_id_bech32": "pool3333333333333333333333333333333333333333333333333333",
        "pool_id_hex": "f3333333333333333333333333333333333333333333333333333333",
        "active_epoch_no": 333,
        "vrf_key_hash": "b333333333333333333333333333333333333333333333333333333333333333",
        "margin": 1.5,
        "fixed_cost": "340000000",
        "pledge": "10000000000",
        "reward_addr": "stake333333333333333333333333333333333333333333333333333333",
        "owners": [
            "stake333333333333333333333333333333333333333333333333333333"
        ],
        "relays": [
            {
                "dns": null,
                "srv": null,
                "ipv4": "3.3.3.1",
                "ipv6": null,
                "port": 6000
            },
            {
                "dns": null,
                "srv": null,
                "ipv4": "3.3.3.2",
                "ipv6": null,
                "port": 6000
            },
            {
                "dns": null,
                "srv": null,
                "ipv4": "3.3.3.3",
                "ipv6": null,
                "port": 6000
            }
        ],
        "meta_url": "https://www.three.com/metadata/three.json",
        "meta_hash": "c333333333333333333333333333333333333333333333333333333333333333",
        "meta_json": {
            "name": "Three",
            "ticker": "THREE",
            "homepage": "https://www.three.com",
            "description": "Pool Three for test"
        },
        "pool_status": "registered",
        "retiring_epoch": null
    },
    {
        "tx_hash": "a444444444444444444444444444444444444444444444444444444444444443",
        "block_time": 1680044443,
        "pool_id_bech32": "pool4444444444444444444444444444444444444444444444444444",
        "pool_id_hex": "f4444444444444444444444444444444444444444444444444444444",
        "active_epoch_no": 344,
        "vrf_key_hash": "b444444444444444444444444444444444444444444444444444444444444444",
        "margin": 4.5,
        "fixed_cost": "440000000",
        "pledge": "100000000",
        "reward_addr": "stake333333333333333333333333333333333333333333333333333333",
        "owners": [
            "stake444444444444444444444444444444444444444444444444444444",
            "stake333333333333333333333333333333333333333333333333333333"
        ],
        "relays": [
            {
                "dns": null,
                "srv": null,
                "ipv4": "4.4.4.1",
                "ipv6": null,
                "port": 6000
            },
            {
                "dns": null,
                "srv": null,
                "ipv4": "3.3.3.3",
                "ipv6": null,
                "port": 6000
            }
        ],
        "meta_url": "https://www.four.com/metadata/four.json",
        "meta_hash": "c444444444444444444444444444444444444444444444444444444444444443",
        "meta_json": {
            "name": "Three 2",
            "ticker": "THRE2",
            "homepage": "https://www.three.com",
            "description": "Pool Three 2 for test"
        },
        "pool_status": "registered",
        "retiring_epoch": null
    },
    {
        "tx_hash": "a444444444444444444444444444444444444444444444444444444444444444",
        "block_time": 1680044444,
        "pool_id_bech32": "pool4444444444444444444444444444444444444444444444444444",
        "pool_id_hex": "f4444444444444444444444444444444444444444444444444444444",
        "active_epoch_no": 344,
        "vrf_key_hash": "b444444444444444444444444444444444444444444444444444444444444444",
        "margin": 4.5,
        "fixed_cost": "440000000",
        "pledge": "100000000",
        "reward_addr": "stake444444444444444444444444444444444444444444444444444444",
        "owners": [
            "stake444444444444444444444444444444444444444444444444444444"
        ],
        "relays": [
            {
                "dns": null,
                "srv": null,
                "ipv4": "4.4.4.1",
                "ipv6": null,
                "port": 6000
            },
            {
                "dns": null,
                "srv": null,
                "ipv4": "4.4.4.2",
                "ipv6": null,
                "port": 6000
            }
        ],
        "meta_url": "https://www.four.com/metadata/four.json",
        "meta_hash": "c444444444444444444444444444444444444444444444444444444444444444",
        "meta_json": {
            "name": "Four",
            "ticker": "FOUR",
            "homepage": "https://www.four.com",
            "description": "Pool Four for test"
        },
        "pool_status": "registered",
        "retiring_epoch": null
    },
    {
        "tx_hash": "a555555555555555555555555555555555555555555555555555555555555555",
        "block_time": 1680055555,
        "pool_id_bech32": "pool2222222222222222222222222222222222222222222222222222",
        "pool_id_hex": "f2222222222222222222222222222222222222222222222222222222",
        "active_epoch_no": 223,
        "vrf_key_hash": "b222222222222222222222222222222222222222222222222222222222222222",
        "margin": 0.5,
        "fixed_cost": "340000000",
        "pledge": "100000000000",
        "reward_addr": "stake333333333333333333333333333333333333333333333333333333",
        "owners": [
            "stake222222222222222222222222222222222222222222222222222222",
            "stake333333333333333333333333333333333333333333333333333333"
        ],
        "relays": [
            {
                "dns": null,
                "srv": null,
                "ipv4": "2.2.2.1",
                "ipv6": null,
                "port": 6000
            },
            {
                "dns": null,
                "srv": null,
                "ipv4": "3.3.3.3",
                "ipv6": null,
                "port": 6000
            }
        ],
        "meta_url": "https://www.two.com/metadata/two.json",
        "meta_hash": "c222222222222222222222222222222222222222222222222222222222222223",
        "meta_json": {
            "name": "Two",
            "ticker": "TWO",
            "homepage": "https://www.three.com",
            "description": "Pool Two grouped with Three for test"
        },
        "pool_status": "registered",
        "retiring_epoch": null
    },
    {
        "tx_hash": "a900633333333333333333333333333333333333333333333333333333333333",
        "block_time": 1700033333,
        "pool_id_bech32": "pool3333333333333333333333333333333333333333333333333333",
        "pool_id_hex": "f3333333333333333333333333333333333333333333333333333333",
        "active_epoch_no": 333,
        "vrf_key_hash": "b333333333333333333333333333333333333333333333333333333333333333",
        "margin": 1.5,
        "fixed_cost": "340000000",
        "pledge": "10000000000",
        "reward_addr": "stake333333333333333333333333333333333333333333333333333333",
        "owners": [
            "stake333333333333333333333333333333333333333333333333333333"
        ],
        "relays": [
            {
                "dns": "relay.three.com",
                "srv": null,
                "ipv4": null,
                "ipv6": null,
                "port": 6000
            },
            {
                "dns": null,
                "srv": null,
                "ipv4": null,
                "ipv6": "2003:3333:3333:3333:3333:3333:3333:3333",
                "port": 6000
            },
            {
                "dns": null,
                "srv": null,
                "ipv4": "3.3.3.3",
                "ipv6": null,
                "port": 6000
            }
        ],
        "meta_url": "https://www.three.com/metadata/three.json",
        "meta_hash": "c333333333333333333333333333333333333333333333333333333333333333",
        "meta_json": {
            "name": "Three",
            "ticker": "THREE",
            "homepage": "https://www.three.com",
            "description": "Pool Three for test"
        },
        "pool_status": "registered",
        "retiring_epoch": null
    },
    {
        "tx_hash": "a900733333333333333333333333333333333333333333333333333333333333",
        "block_time": 1700033343,
        "pool_id_bech32": "pool2222222222222222222222222222222222222222222222222222",
        "pool_id_hex": "f2222222222222222222222222222222222222222222222222222222",
        "active_epoch_no": 223,
        "vrf_key_hash": "b222222222222222222222222222222222222222222222222222222222222222",
        "margin": 0.5,
        "fixed_cost": "340000000",
        "pledge": "100000000000",
        "reward_addr": "stake333333333333333333333333333333333333333333333333333333",
        "owners": [
            "stake222222222222222222222222222222222222222222222222222222",
            "stake333333333333333333333333333333333333333333333333333333"
        ],
        "relays": [
            {
                "dns": "relay.three.com",
                "srv": null,
                "ipv4": null,
                "ipv6": null,
                "port": 6000
            },
            {
                "dns": null,
                "srv": null,
                "ipv4": "3.3.3.3",
                "ipv6": null,
                "port": 6000
            },
            {
                "dns": null,
                "srv": null,
                "ipv4": null,
                "ipv6": "2003:3333:3333:3333:3333:3333:3333:3333",
                "port": 6000
            }
        ],
        "meta_url": "https://www.three.com/metadata/three.json",
        "meta_hash": "c222222222222222222222222222222222222222222222222222222222222223",
        "meta_json": {
            "name": "Two",
            "ticker": "TWO",
            "homepage": "https://www.three.com",
            "description": "Pool Two grouped with Three for test"
        },
        "pool_status": "registered",
        "retiring_epoch": null
    },
    {
        "tx_hash": "a900833333333333333333333333333333333333333333333333333333333333",
        "block_time": 1700033353,
        "pool_id_bech32": "pool4444444444444444444444444444444444444444444444444444",
        "pool_id_hex": "f4444444444444444444444444444444444444444444444444444444",
        "active_epoch_no": 344,
        "vrf_key_hash": "b444444444444444444444444444444444444444444444444444444444444444",
        "margin": 4.5,
        "fixed_cost": "440000000",
        "pledge": "100000000",
        "reward_addr": "stake444444444444444444444444444444444444444444444444444444",
        "owners": [
            "stake444444444444444444444444444444444444444444444444444444"
        ],
        "relays": [
            {
                "dns": null,
                "srv": null,
                "ipv4": "4.4.4.1",
                "ipv6": null,
                "port": 6000
            },
            {
                "dns": null,
                "srv": null,
                "ipv4": null,
                "ipv6": "2003:3333:3333:3333:3333:3333:3333:3333",
                "port": 6000
            },
            {
                "dns": "relay.three.com",
                "srv": null,
                "ipv4": null,
                "ipv6": null,
                "port": 6000
            }
        ],
        "meta_url": "https://www.three.com/metadata/three.json",
        "meta_hash": "c444444444444444444444444444444444444444444444444444444444444444",
        "meta_json": {
            "name": "Four",
            "ticker": "FOUR",
            "homepage": "https://www.four.com",
            "description": "Pool Four for test"
        },
        "pool_status": "registered",
        "retiring_epoch": null
    },
    {
        "tx_hash": "a900933333333333333333333333333333333333333333333333333333333333",
        "block_time": 1700033363,
        "pool_id_bech32": "pool4444444444444444444444444444444444444444444444444444",
        "pool_id_hex": "f4444444444444444444444444444444444444444444444444444444",
        "active_epoch_no": 344,
        "vrf_key_hash": "b444444444444444444444444444444444444444444444444444444444444444",
        "margin": 4.5,
        "fixed_cost": "440000000",
        "pledge": "100000000",
        "reward_addr": "stake444444444444444444444444444444444444444444444444444444",
        "owners": [
            "stake444444444444444444444444444444444444444444444444444444"
        ],
        "relays": [
            {
                "dns": null,
                "srv": null,
                "ipv4": "4.4.4.1",
                "ipv6": null,
                "port": 6000
            },
            {
                "dns": null,
                "srv": null,
                "ipv4": "4.4.4.2",
                "ipv6": null,
                "port": 6000
            }
        ],
        "meta_url": "https://www.four.com/metadata/four.json",
        "meta_hash": "c444444444444444444444444444444444444444444444444444444444444444",
        "meta_json": {
            "name": "Four",
            "ticker": "FOUR",
            "homepage": "https://www.four.com",
            "description": "Pool Four for test"
        },
        "pool_status": "registered",
        "retiring_epoch": null
    }
]