[
    {
        "pool_id_bech32": "pool1111111111111111111111111111111111111111111111111111",
        "ticker": "ONES"
    },
    {
        "pool_id_bech32": "pool2222222222222222222222222222222222222222222222222222",
        "ticker": "TWO"
    },
    {
        "pool_id_bech32": "pool3333333333333333333333333333333333333333333333333333",
        "ticker": "THREE"
    },
    {
        "pool_id_bech32": "pool4444444444444444444444444444444444444444444444444444",
        "ticker": "FOUR"
    }
]