{
    "stake333333333333333333333333333333333333333333333333333333": [
        "pool2222222222222222222222222222222222222222222222222222",
        "pool3333333333333333333333333333333333333333333333333333",
        "pool4444444444444444444444444444444444444444444444444444"
    ]
}